Archive member included because of file (symbol)

c:/program files (x86)/gnu tools arm embedded/4.8 2013q4/bin/../lib/gcc/arm-none-eabi/4.8.3/armv7e-m/fpu\libgcc.a(_arm_addsubdf3.o)
                              ..\obj\stm32f4_discovery_lcd.o (__aeabi_ui2d)
c:/program files (x86)/gnu tools arm embedded/4.8 2013q4/bin/../lib/gcc/arm-none-eabi/4.8.3/armv7e-m/fpu\libgcc.a(_arm_cmpdf2.o)
                              ..\obj\stm32f4_discovery_lcd.o (__aeabi_dcmplt)
c:/program files (x86)/gnu tools arm embedded/4.8 2013q4/bin/../lib/gcc/arm-none-eabi/4.8.3/../../../../arm-none-eabi/lib/armv7e-m/fpu\libg.a(lib_a-memcmp.o)
                              ..\obj\tasks.o (memcmp)
c:/program files (x86)/gnu tools arm embedded/4.8 2013q4/bin/../lib/gcc/arm-none-eabi/4.8.3/../../../../arm-none-eabi/lib/armv7e-m/fpu\libg.a(lib_a-memcpy.o)
                              ..\obj\queue.o (memcpy)
c:/program files (x86)/gnu tools arm embedded/4.8 2013q4/bin/../lib/gcc/arm-none-eabi/4.8.3/../../../../arm-none-eabi/lib/armv7e-m/fpu\libg.a(lib_a-memset.o)
                              ..\obj\tasks.o (memset)

Allocating common symbols
Common symbol       size              file

xQueueRegistry      0x40              ..\obj\queue.o
NVIC_InitStructure  0x4               ..\obj\stm32f4_discovery.o

Discarded input sections

 .text          0x00000000        0x0 ..\obj\stm32f4xx_syscfg.o
 .data          0x00000000        0x0 ..\obj\stm32f4xx_syscfg.o
 .bss           0x00000000        0x0 ..\obj\stm32f4xx_syscfg.o
 .text.SYSCFG_DeInit
                0x00000000       0x1c ..\obj\stm32f4xx_syscfg.o
 .text.SYSCFG_MemoryRemapConfig
                0x00000000       0x20 ..\obj\stm32f4xx_syscfg.o
 .text.SYSCFG_EXTILineConfig
                0x00000000       0x7c ..\obj\stm32f4xx_syscfg.o
 .text.SYSCFG_ETH_MediaInterfaceConfig
                0x00000000       0x1c ..\obj\stm32f4xx_syscfg.o
 .text.SYSCFG_CompensationCellCmd
                0x00000000       0x20 ..\obj\stm32f4xx_syscfg.o
 .text.SYSCFG_GetCompensationCellStatus
                0x00000000       0x34 ..\obj\stm32f4xx_syscfg.o
 .debug_info    0x00000000      0x24b ..\obj\stm32f4xx_syscfg.o
 .debug_abbrev  0x00000000      0x131 ..\obj\stm32f4xx_syscfg.o
 .debug_aranges
                0x00000000       0x48 ..\obj\stm32f4xx_syscfg.o
 .debug_ranges  0x00000000       0x38 ..\obj\stm32f4xx_syscfg.o
 .debug_line    0x00000000      0x1a3 ..\obj\stm32f4xx_syscfg.o
 .debug_str     0x00000000      0x2f0 ..\obj\stm32f4xx_syscfg.o
 .comment       0x00000000       0x71 ..\obj\stm32f4xx_syscfg.o
 .ARM.attributes
                0x00000000       0x39 ..\obj\stm32f4xx_syscfg.o
 .debug_frame   0x00000000       0xbc ..\obj\stm32f4xx_syscfg.o
 .text          0x00000000        0x0 ..\obj\stm32f4_discovery_lcd.o
 .text.LCD_DeInit
                0x00000000      0x240 ..\obj\stm32f4_discovery_lcd.o
 .text.LCD_ReadReg
                0x00000000       0x2c ..\obj\stm32f4_discovery_lcd.o
 .text.LCD_ReadRAM
                0x00000000       0x18 ..\obj\stm32f4_discovery_lcd.o
 .text.LCD_RGB_Test
                0x00000000       0x68 ..\obj\stm32f4_discovery_lcd.o
 .text.LCD_SetColors
                0x00000000       0x30 ..\obj\stm32f4_discovery_lcd.o
 .text.LCD_GetColors
                0x00000000       0x30 ..\obj\stm32f4_discovery_lcd.o
 .text.LCD_DisplayOff
                0x00000000        0xc ..\obj\stm32f4_discovery_lcd.o
 .text.LCD_DisplayOn
                0x00000000        0xc ..\obj\stm32f4_discovery_lcd.o
 .text.LCD_ClearLine
                0x00000000       0x3c ..\obj\stm32f4_discovery_lcd.o
 .text.PutPixel
                0x00000000       0x48 ..\obj\stm32f4_discovery_lcd.o
 .text.LCD_SetDisplayWindow
                0x00000000       0x88 ..\obj\stm32f4_discovery_lcd.o
 .text.LCD_WindowModeDisable
                0x00000000        0xc ..\obj\stm32f4_discovery_lcd.o
 .text.LCD_DrawLine
                0x00000000       0x8c ..\obj\stm32f4_discovery_lcd.o
 .text.LCD_DrawRect
                0x00000000       0x74 ..\obj\stm32f4_discovery_lcd.o
 .text.LCD_DrawCircle
                0x00000000      0x1cc ..\obj\stm32f4_discovery_lcd.o
 .text.LCD_DrawMonoPict
                0x00000000       0x84 ..\obj\stm32f4_discovery_lcd.o
 .text.LCD_WriteBMP
                0x00000000       0x14 ..\obj\stm32f4_discovery_lcd.o
 .text.LCD_DrawFullRect
                0x00000000       0xc4 ..\obj\stm32f4_discovery_lcd.o
 .text.LCD_DrawFullCircle
                0x00000000      0x140 ..\obj\stm32f4_discovery_lcd.o
 .text.LCD_DrawUniLine
                0x00000000      0x168 ..\obj\stm32f4_discovery_lcd.o
 .text.LCD_PolyLine
                0x00000000       0x58 ..\obj\stm32f4_discovery_lcd.o
 .text.LCD_PolyLineRelativeClosed
                0x00000000       0xa0 ..\obj\stm32f4_discovery_lcd.o
 .text.LCD_ClosedPolyLine
                0x00000000       0x50 ..\obj\stm32f4_discovery_lcd.o
 .text.LCD_PolyLineRelative
                0x00000000       0x20 ..\obj\stm32f4_discovery_lcd.o
 .text.LCD_ClosedPolyLineRelative
                0x00000000       0x20 ..\obj\stm32f4_discovery_lcd.o
 .text.LCD_FillPolyLine
                0x00000000      0x4a4 ..\obj\stm32f4_discovery_lcd.o
 .text          0x00000000        0x0 ..\obj\stm32f4xx_sdio.o
 .data          0x00000000        0x0 ..\obj\stm32f4xx_sdio.o
 .bss           0x00000000        0x0 ..\obj\stm32f4xx_sdio.o
 .text.SDIO_DeInit
                0x00000000       0x1c ..\obj\stm32f4xx_sdio.o
 .text.SDIO_Init
                0x00000000       0x5c ..\obj\stm32f4xx_sdio.o
 .text.SDIO_StructInit
                0x00000000       0x38 ..\obj\stm32f4xx_sdio.o
 .text.SDIO_ClockCmd
                0x00000000       0x20 ..\obj\stm32f4xx_sdio.o
 .text.SDIO_SetPowerState
                0x00000000       0x1c ..\obj\stm32f4xx_sdio.o
 .text.SDIO_GetPowerState
                0x00000000       0x1c ..\obj\stm32f4xx_sdio.o
 .text.SDIO_SendCommand
                0x00000000       0x58 ..\obj\stm32f4xx_sdio.o
 .text.SDIO_CmdStructInit
                0x00000000       0x30 ..\obj\stm32f4xx_sdio.o
 .text.SDIO_GetCommandResponse
                0x00000000       0x18 ..\obj\stm32f4xx_sdio.o
 .text.SDIO_GetResponse
                0x00000000       0x28 ..\obj\stm32f4xx_sdio.o
 .text.SDIO_DataConfig
                0x00000000       0x5c ..\obj\stm32f4xx_sdio.o
 .text.SDIO_DataStructInit
                0x00000000       0x38 ..\obj\stm32f4xx_sdio.o
 .text.SDIO_GetDataCounter
                0x00000000       0x18 ..\obj\stm32f4xx_sdio.o
 .text.SDIO_ReadData
                0x00000000       0x18 ..\obj\stm32f4xx_sdio.o
 .text.SDIO_WriteData
                0x00000000       0x20 ..\obj\stm32f4xx_sdio.o
 .text.SDIO_GetFIFOCount
                0x00000000       0x18 ..\obj\stm32f4xx_sdio.o
 .text.SDIO_StartSDIOReadWait
                0x00000000       0x20 ..\obj\stm32f4xx_sdio.o
 .text.SDIO_StopSDIOReadWait
                0x00000000       0x20 ..\obj\stm32f4xx_sdio.o
 .text.SDIO_SetSDIOReadWaitMode
                0x00000000       0x1c ..\obj\stm32f4xx_sdio.o
 .text.SDIO_SetSDIOOperation
                0x00000000       0x20 ..\obj\stm32f4xx_sdio.o
 .text.SDIO_SendSDIOSuspendCmd
                0x00000000       0x20 ..\obj\stm32f4xx_sdio.o
 .text.SDIO_CommandCompletionCmd
                0x00000000       0x20 ..\obj\stm32f4xx_sdio.o
 .text.SDIO_CEATAITCmd
                0x00000000       0x2c ..\obj\stm32f4xx_sdio.o
 .text.SDIO_SendCEATACmd
                0x00000000       0x20 ..\obj\stm32f4xx_sdio.o
 .text.SDIO_DMACmd
                0x00000000       0x20 ..\obj\stm32f4xx_sdio.o
 .text.SDIO_ITConfig
                0x00000000       0x3c ..\obj\stm32f4xx_sdio.o
 .text.SDIO_GetFlagStatus
                0x00000000       0x34 ..\obj\stm32f4xx_sdio.o
 .text.SDIO_ClearFlag
                0x00000000       0x1c ..\obj\stm32f4xx_sdio.o
 .text.SDIO_GetITStatus
                0x00000000       0x34 ..\obj\stm32f4xx_sdio.o
 .text.SDIO_ClearITPendingBit
                0x00000000       0x1c ..\obj\stm32f4xx_sdio.o
 .debug_info    0x00000000      0x7d4 ..\obj\stm32f4xx_sdio.o
 .debug_abbrev  0x00000000      0x177 ..\obj\stm32f4xx_sdio.o
 .debug_aranges
                0x00000000      0x108 ..\obj\stm32f4xx_sdio.o
 .debug_ranges  0x00000000       0xf8 ..\obj\stm32f4xx_sdio.o
 .debug_line    0x00000000      0x3c8 ..\obj\stm32f4xx_sdio.o
 .debug_str     0x00000000      0x63c ..\obj\stm32f4xx_sdio.o
 .comment       0x00000000       0x71 ..\obj\stm32f4xx_sdio.o
 .ARM.attributes
                0x00000000       0x39 ..\obj\stm32f4xx_sdio.o
 .debug_frame   0x00000000      0x344 ..\obj\stm32f4xx_sdio.o
 .text          0x00000000        0x0 ..\obj\stm32f4xx_usart.o
 .data          0x00000000        0x0 ..\obj\stm32f4xx_usart.o
 .bss           0x00000000        0x0 ..\obj\stm32f4xx_usart.o
 .text.USART_DeInit
                0x00000000       0xd0 ..\obj\stm32f4xx_usart.o
 .text.USART_Init
                0x00000000      0x174 ..\obj\stm32f4xx_usart.o
 .text.USART_StructInit
                0x00000000       0x38 ..\obj\stm32f4xx_usart.o
 .text.USART_ClockInit
                0x00000000       0x54 ..\obj\stm32f4xx_usart.o
 .text.USART_ClockStructInit
                0x00000000       0x2c ..\obj\stm32f4xx_usart.o
 .text.USART_Cmd
                0x00000000       0x40 ..\obj\stm32f4xx_usart.o
 .text.USART_SetPrescaler
                0x00000000       0x38 ..\obj\stm32f4xx_usart.o
 .text.USART_OverSampling8Cmd
                0x00000000       0x44 ..\obj\stm32f4xx_usart.o
 .text.USART_OneBitMethodCmd
                0x00000000       0x40 ..\obj\stm32f4xx_usart.o
 .text.USART_SendData
                0x00000000       0x24 ..\obj\stm32f4xx_usart.o
 .text.USART_ReceiveData
                0x00000000       0x20 ..\obj\stm32f4xx_usart.o
 .text.USART_SetAddress
                0x00000000       0x38 ..\obj\stm32f4xx_usart.o
 .text.USART_ReceiverWakeUpCmd
                0x00000000       0x40 ..\obj\stm32f4xx_usart.o
 .text.USART_WakeUpConfig
                0x00000000       0x38 ..\obj\stm32f4xx_usart.o
 .text.USART_LINBreakDetectLengthConfig
                0x00000000       0x38 ..\obj\stm32f4xx_usart.o
 .text.USART_LINCmd
                0x00000000       0x40 ..\obj\stm32f4xx_usart.o
 .text.USART_SendBreak
                0x00000000       0x24 ..\obj\stm32f4xx_usart.o
 .text.USART_HalfDuplexCmd
                0x00000000       0x40 ..\obj\stm32f4xx_usart.o
 .text.USART_SetGuardTime
                0x00000000       0x3c ..\obj\stm32f4xx_usart.o
 .text.USART_SmartCardCmd
                0x00000000       0x40 ..\obj\stm32f4xx_usart.o
 .text.USART_SmartCardNACKCmd
                0x00000000       0x40 ..\obj\stm32f4xx_usart.o
 .text.USART_IrDAConfig
                0x00000000       0x38 ..\obj\stm32f4xx_usart.o
 .text.USART_IrDACmd
                0x00000000       0x40 ..\obj\stm32f4xx_usart.o
 .text.USART_DMACmd
                0x00000000       0x48 ..\obj\stm32f4xx_usart.o
 .text.USART_ITConfig
                0x00000000       0x90 ..\obj\stm32f4xx_usart.o
 .text.USART_GetFlagStatus
                0x00000000       0x38 ..\obj\stm32f4xx_usart.o
 .text.USART_ClearFlag
                0x00000000       0x20 ..\obj\stm32f4xx_usart.o
 .text.USART_GetITStatus
                0x00000000       0xb0 ..\obj\stm32f4xx_usart.o
 .text.USART_ClearITPendingBit
                0x00000000       0x38 ..\obj\stm32f4xx_usart.o
 .debug_info    0x00000000      0x996 ..\obj\stm32f4xx_usart.o
 .debug_abbrev  0x00000000      0x155 ..\obj\stm32f4xx_usart.o
 .debug_aranges
                0x00000000      0x100 ..\obj\stm32f4xx_usart.o
 .debug_ranges  0x00000000       0xf0 ..\obj\stm32f4xx_usart.o
 .debug_line    0x00000000      0x426 ..\obj\stm32f4xx_usart.o
 .debug_str     0x00000000      0x680 ..\obj\stm32f4xx_usart.o
 .comment       0x00000000       0x71 ..\obj\stm32f4xx_usart.o
 .ARM.attributes
                0x00000000       0x39 ..\obj\stm32f4xx_usart.o
 .debug_frame   0x00000000      0x344 ..\obj\stm32f4xx_usart.o
 .text          0x00000000        0x0 ..\obj\print.o
 .data          0x00000000        0x0 ..\obj\print.o
 .text          0x00000000        0x0 ..\obj\startup_stm32f4xx.o
 .data          0x00000000        0x0 ..\obj\startup_stm32f4xx.o
 .bss           0x00000000        0x0 ..\obj\startup_stm32f4xx.o
 .text          0x00000000        0x0 ..\obj\stm32f4_discovery.o
 .bss           0x00000000        0x0 ..\obj\stm32f4_discovery.o
 .text.STM_EVAL_LEDOn
                0x00000000       0x30 ..\obj\stm32f4_discovery.o
 .text.STM_EVAL_LEDOff
                0x00000000       0x30 ..\obj\stm32f4_discovery.o
 .text.STM_EVAL_PBInit
                0x00000000       0x94 ..\obj\stm32f4_discovery.o
 .text.STM_EVAL_PBGetState
                0x00000000       0x2c ..\obj\stm32f4_discovery.o
 .text.STM_EVAL_COMInit
                0x00000000      0x124 ..\obj\stm32f4_discovery.o
 .text.SD_LowLevel_DeInit
                0x00000000       0xa0 ..\obj\stm32f4_discovery.o
 .text.SD_LowLevel_Init
                0x00000000       0xcc ..\obj\stm32f4_discovery.o
 .text.SD_LowLevel_DMA_TxConfig
                0x00000000       0xa0 ..\obj\stm32f4_discovery.o
 .text.SD_LowLevel_DMA_RxConfig
                0x00000000       0xa0 ..\obj\stm32f4_discovery.o
 COMMON         0x00000000        0x4 ..\obj\stm32f4_discovery.o
 .text          0x00000000        0x0 ..\obj\main.o
 .data          0x00000000        0x0 ..\obj\main.o
 .bss           0x00000000        0x0 ..\obj\main.o
 .text          0x00000000        0x0 ..\obj\stm32f4xx_rcc.o
 .data          0x00000000       0x10 ..\obj\stm32f4xx_rcc.o
 .bss           0x00000000        0x0 ..\obj\stm32f4xx_rcc.o
 .text.RCC_DeInit
                0x00000000       0x50 ..\obj\stm32f4xx_rcc.o
 .text.RCC_HSEConfig
                0x00000000       0x24 ..\obj\stm32f4xx_rcc.o
 .text.RCC_WaitForHSEStartUp
                0x00000000       0x50 ..\obj\stm32f4xx_rcc.o
 .text.RCC_AdjustHSICalibrationValue
                0x00000000       0x3c ..\obj\stm32f4xx_rcc.o
 .text.RCC_HSICmd
                0x00000000       0x20 ..\obj\stm32f4xx_rcc.o
 .text.RCC_LSEConfig
                0x00000000       0x40 ..\obj\stm32f4xx_rcc.o
 .text.RCC_LSICmd
                0x00000000       0x20 ..\obj\stm32f4xx_rcc.o
 .text.RCC_PLLConfig
                0x00000000       0x3c ..\obj\stm32f4xx_rcc.o
 .text.RCC_PLLCmd
                0x00000000       0x20 ..\obj\stm32f4xx_rcc.o
 .text.RCC_PLLI2SConfig
                0x00000000       0x28 ..\obj\stm32f4xx_rcc.o
 .text.RCC_PLLI2SCmd
                0x00000000       0x20 ..\obj\stm32f4xx_rcc.o
 .text.RCC_ClockSecuritySystemCmd
                0x00000000       0x20 ..\obj\stm32f4xx_rcc.o
 .text.RCC_MCO1Config
                0x00000000       0x3c ..\obj\stm32f4xx_rcc.o
 .text.RCC_MCO2Config
                0x00000000       0x3c ..\obj\stm32f4xx_rcc.o
 .text.RCC_SYSCLKConfig
                0x00000000       0x38 ..\obj\stm32f4xx_rcc.o
 .text.RCC_GetSYSCLKSource
                0x00000000       0x20 ..\obj\stm32f4xx_rcc.o
 .text.RCC_HCLKConfig
                0x00000000       0x38 ..\obj\stm32f4xx_rcc.o
 .text.RCC_PCLK1Config
                0x00000000       0x38 ..\obj\stm32f4xx_rcc.o
 .text.RCC_PCLK2Config
                0x00000000       0x38 ..\obj\stm32f4xx_rcc.o
 .text.RCC_GetClocksFreq
                0x00000000      0x154 ..\obj\stm32f4xx_rcc.o
 .text.RCC_RTCCLKConfig
                0x00000000       0x5c ..\obj\stm32f4xx_rcc.o
 .text.RCC_RTCCLKCmd
                0x00000000       0x20 ..\obj\stm32f4xx_rcc.o
 .text.RCC_BackupResetCmd
                0x00000000       0x20 ..\obj\stm32f4xx_rcc.o
 .text.RCC_I2SCLKConfig
                0x00000000       0x1c ..\obj\stm32f4xx_rcc.o
 .text.RCC_AHB2PeriphClockCmd
                0x00000000       0x3c ..\obj\stm32f4xx_rcc.o
 .text.RCC_APB1PeriphClockCmd
                0x00000000       0x3c ..\obj\stm32f4xx_rcc.o
 .text.RCC_APB2PeriphClockCmd
                0x00000000       0x3c ..\obj\stm32f4xx_rcc.o
 .text.RCC_AHB1PeriphResetCmd
                0x00000000       0x3c ..\obj\stm32f4xx_rcc.o
 .text.RCC_AHB2PeriphResetCmd
                0x00000000       0x3c ..\obj\stm32f4xx_rcc.o
 .text.RCC_AHB3PeriphResetCmd
                0x00000000       0x3c ..\obj\stm32f4xx_rcc.o
 .text.RCC_APB1PeriphResetCmd
                0x00000000       0x3c ..\obj\stm32f4xx_rcc.o
 .text.RCC_APB2PeriphResetCmd
                0x00000000       0x3c ..\obj\stm32f4xx_rcc.o
 .text.RCC_AHB1PeriphClockLPModeCmd
                0x00000000       0x3c ..\obj\stm32f4xx_rcc.o
 .text.RCC_AHB2PeriphClockLPModeCmd
                0x00000000       0x3c ..\obj\stm32f4xx_rcc.o
 .text.RCC_AHB3PeriphClockLPModeCmd
                0x00000000       0x3c ..\obj\stm32f4xx_rcc.o
 .text.RCC_APB1PeriphClockLPModeCmd
                0x00000000       0x3c ..\obj\stm32f4xx_rcc.o
 .text.RCC_APB2PeriphClockLPModeCmd
                0x00000000       0x3c ..\obj\stm32f4xx_rcc.o
 .text.RCC_ITConfig
                0x00000000       0x48 ..\obj\stm32f4xx_rcc.o
 .text.RCC_GetFlagStatus
                0x00000000       0x74 ..\obj\stm32f4xx_rcc.o
 .text.RCC_ClearFlag
                0x00000000       0x1c ..\obj\stm32f4xx_rcc.o
 .text.RCC_GetITStatus
                0x00000000       0x38 ..\obj\stm32f4xx_rcc.o
 .text.RCC_ClearITPendingBit
                0x00000000       0x20 ..\obj\stm32f4xx_rcc.o
 .text          0x00000000        0x0 ..\obj\timers.o
 .data          0x00000000        0x0 ..\obj\timers.o
 .text.xTimerCreate
                0x00000000       0x6c ..\obj\timers.o
 .text.pcTimerGetTimerName
                0x00000000       0x1c ..\obj\timers.o
 .text.xTimerIsTimerActive
                0x00000000       0x30 ..\obj\timers.o
 .text.pvTimerGetTimerID
                0x00000000       0x1c ..\obj\timers.o
 .text          0x00000000        0x0 ..\obj\tasks.o
 .text.vTaskDelete
                0x00000000       0xe8 ..\obj\tasks.o
 .text.vTaskDelayUntil
                0x00000000       0xe4 ..\obj\tasks.o
 .text.uxTaskPriorityGet
                0x00000000       0x34 ..\obj\tasks.o
 .text.vTaskPrioritySet
                0x00000000      0x13c ..\obj\tasks.o
 .text.vTaskSuspend
                0x00000000       0xf0 ..\obj\tasks.o
 .text.prvTaskIsTaskSuspended
                0x00000000       0x64 ..\obj\tasks.o
 .text.vTaskResume
                0x00000000       0x98 ..\obj\tasks.o
 .text.xTaskResumeFromISR
                0x00000000       0xb8 ..\obj\tasks.o
 .text.vTaskEndScheduler
                0x00000000       0x18 ..\obj\tasks.o
 .text.xTaskGetTickCountFromISR
                0x00000000       0x2c ..\obj\tasks.o
 .text.uxTaskGetNumberOfTasks
                0x00000000       0x18 ..\obj\tasks.o
 .text.uxTaskGetSystemState
                0x00000000       0xf8 ..\obj\tasks.o
 .text.vTaskPlaceOnUnorderedEventList
                0x00000000       0xac ..\obj\tasks.o
 .text.xTaskRemoveFromUnorderedEventList
                0x00000000       0xb0 ..\obj\tasks.o
 .text.uxTaskGetTaskNumber
                0x00000000       0x2c ..\obj\tasks.o
 .text.vTaskSetTaskNumber
                0x00000000       0x24 ..\obj\tasks.o
 .text.prvListTaskWithinSingleList
                0x00000000      0x118 ..\obj\tasks.o
 .text.prvTaskCheckFreeStackSpace
                0x00000000       0x38 ..\obj\tasks.o
 .text.xTaskGetCurrentTaskHandle
                0x00000000       0x20 ..\obj\tasks.o
 .text.uxTaskResetEventItemValue
                0x00000000       0x30 ..\obj\tasks.o
 .text          0x00000000        0x0 ..\obj\fonts.o
 .bss           0x00000000        0x0 ..\obj\fonts.o
 .text          0x00000000        0x0 ..\obj\stm32f4xx_fsmc.o
 .data          0x00000000        0x0 ..\obj\stm32f4xx_fsmc.o
 .bss           0x00000000        0x0 ..\obj\stm32f4xx_fsmc.o
 .text.FSMC_NORSRAMDeInit
                0x00000000       0x58 ..\obj\stm32f4xx_fsmc.o
 .text.FSMC_NORSRAMStructInit
                0x00000000       0xd4 ..\obj\stm32f4xx_fsmc.o
 .text.FSMC_NANDDeInit
                0x00000000       0x5c ..\obj\stm32f4xx_fsmc.o
 .text.FSMC_NANDInit
                0x00000000       0xcc ..\obj\stm32f4xx_fsmc.o
 .text.FSMC_NANDStructInit
                0x00000000       0x7c ..\obj\stm32f4xx_fsmc.o
 .text.FSMC_NANDCmd
                0x00000000       0x6c ..\obj\stm32f4xx_fsmc.o
 .text.FSMC_NANDECCCmd
                0x00000000       0x6c ..\obj\stm32f4xx_fsmc.o
 .text.FSMC_GetECC
                0x00000000       0x38 ..\obj\stm32f4xx_fsmc.o
 .text.FSMC_PCCARDDeInit
                0x00000000       0x34 ..\obj\stm32f4xx_fsmc.o
 .text.FSMC_PCCARDInit
                0x00000000       0xac ..\obj\stm32f4xx_fsmc.o
 .text.FSMC_PCCARDStructInit
                0x00000000       0x84 ..\obj\stm32f4xx_fsmc.o
 .text.FSMC_PCCARDCmd
                0x00000000       0x3c ..\obj\stm32f4xx_fsmc.o
 .text.FSMC_ITConfig
                0x00000000       0xa0 ..\obj\stm32f4xx_fsmc.o
 .text.FSMC_GetFlagStatus
                0x00000000       0x64 ..\obj\stm32f4xx_fsmc.o
 .text.FSMC_ClearFlag
                0x00000000       0x5c ..\obj\stm32f4xx_fsmc.o
 .text.FSMC_GetITStatus
                0x00000000       0x80 ..\obj\stm32f4xx_fsmc.o
 .text.FSMC_ClearITPendingBit
                0x00000000       0x64 ..\obj\stm32f4xx_fsmc.o
 .text          0x00000000        0x0 ..\obj\stm32f4xx_gpio.o
 .data          0x00000000        0x0 ..\obj\stm32f4xx_gpio.o
 .bss           0x00000000        0x0 ..\obj\stm32f4xx_gpio.o
 .text.GPIO_DeInit
                0x00000000      0x120 ..\obj\stm32f4xx_gpio.o
 .text.GPIO_StructInit
                0x00000000       0x34 ..\obj\stm32f4xx_gpio.o
 .text.GPIO_PinLockConfig
                0x00000000       0x44 ..\obj\stm32f4xx_gpio.o
 .text.GPIO_ReadInputDataBit
                0x00000000       0x34 ..\obj\stm32f4xx_gpio.o
 .text.GPIO_ReadInputData
                0x00000000       0x1c ..\obj\stm32f4xx_gpio.o
 .text.GPIO_ReadOutputDataBit
                0x00000000       0x34 ..\obj\stm32f4xx_gpio.o
 .text.GPIO_ReadOutputData
                0x00000000       0x1c ..\obj\stm32f4xx_gpio.o
 .text.GPIO_WriteBit
                0x00000000       0x30 ..\obj\stm32f4xx_gpio.o
 .text.GPIO_Write
                0x00000000       0x1c ..\obj\stm32f4xx_gpio.o
 .text.GPIO_ToggleBits
                0x00000000       0x24 ..\obj\stm32f4xx_gpio.o
 .text          0x00000000        0x0 ..\obj\list.o
 .data          0x00000000        0x0 ..\obj\list.o
 .bss           0x00000000        0x0 ..\obj\list.o
 .text          0x00000000        0x0 ..\obj\system_stm32f4xx.o
 .bss           0x00000000        0x0 ..\obj\system_stm32f4xx.o
 .text.SystemCoreClockUpdate
                0x00000000       0xf8 ..\obj\system_stm32f4xx.o
 .text          0x00000000        0x0 ..\obj\stm32f4xx_dma.o
 .data          0x00000000        0x0 ..\obj\stm32f4xx_dma.o
 .bss           0x00000000        0x0 ..\obj\stm32f4xx_dma.o
 .text.DMA_DeInit
                0x00000000      0x1a4 ..\obj\stm32f4xx_dma.o
 .text.DMA_Init
                0x00000000       0xac ..\obj\stm32f4xx_dma.o
 .text.DMA_StructInit
                0x00000000       0x6c ..\obj\stm32f4xx_dma.o
 .text.DMA_Cmd  0x00000000       0x38 ..\obj\stm32f4xx_dma.o
 .text.DMA_PeriphIncOffsetSizeConfig
                0x00000000       0x34 ..\obj\stm32f4xx_dma.o
 .text.DMA_FlowControllerConfig
                0x00000000       0x34 ..\obj\stm32f4xx_dma.o
 .text.DMA_SetCurrDataCounter
                0x00000000       0x1c ..\obj\stm32f4xx_dma.o
 .text.DMA_GetCurrDataCounter
                0x00000000       0x1c ..\obj\stm32f4xx_dma.o
 .text.DMA_DoubleBufferModeConfig
                0x00000000       0x3c ..\obj\stm32f4xx_dma.o
 .text.DMA_DoubleBufferModeCmd
                0x00000000       0x38 ..\obj\stm32f4xx_dma.o
 .text.DMA_MemoryTargetConfig
                0x00000000       0x2c ..\obj\stm32f4xx_dma.o
 .text.DMA_GetCurrentMemoryTarget
                0x00000000       0x30 ..\obj\stm32f4xx_dma.o
 .text.DMA_GetCmdStatus
                0x00000000       0x30 ..\obj\stm32f4xx_dma.o
 .text.DMA_GetFIFOStatus
                0x00000000       0x24 ..\obj\stm32f4xx_dma.o
 .text.DMA_GetFlagStatus
                0x00000000       0x78 ..\obj\stm32f4xx_dma.o
 .text.DMA_ClearFlag
                0x00000000       0x5c ..\obj\stm32f4xx_dma.o
 .text.DMA_ITConfig
                0x00000000       0x74 ..\obj\stm32f4xx_dma.o
 .text.DMA_GetITStatus
                0x00000000       0xb0 ..\obj\stm32f4xx_dma.o
 .text.DMA_ClearITPendingBit
                0x00000000       0x5c ..\obj\stm32f4xx_dma.o
 .debug_info    0x00000000      0x718 ..\obj\stm32f4xx_dma.o
 .debug_abbrev  0x00000000      0x155 ..\obj\stm32f4xx_dma.o
 .debug_aranges
                0x00000000       0xb0 ..\obj\stm32f4xx_dma.o
 .debug_ranges  0x00000000       0xa0 ..\obj\stm32f4xx_dma.o
 .debug_line    0x00000000      0x360 ..\obj\stm32f4xx_dma.o
 .debug_str     0x00000000      0x53d ..\obj\stm32f4xx_dma.o
 .comment       0x00000000       0x71 ..\obj\stm32f4xx_dma.o
 .ARM.attributes
                0x00000000       0x39 ..\obj\stm32f4xx_dma.o
 .debug_frame   0x00000000      0x224 ..\obj\stm32f4xx_dma.o
 .text          0x00000000        0x0 ..\obj\port.o
 .rodata        0x00000000        0x4 ..\obj\port.o
 .text.vPortEndScheduler
                0x00000000       0x1c ..\obj\port.o
 .text          0x00000000        0x0 ..\obj\queue.o
 .data          0x00000000        0x0 ..\obj\queue.o
 .bss           0x00000000        0x0 ..\obj\queue.o
 .text.xQueueCreateMutex
                0x00000000       0x90 ..\obj\queue.o
 .text.xQueueGiveMutexRecursive
                0x00000000       0x58 ..\obj\queue.o
 .text.xQueueTakeMutexRecursive
                0x00000000       0x60 ..\obj\queue.o
 .text.xQueueCreateCountingSemaphore
                0x00000000       0x54 ..\obj\queue.o
 .text.xQueueReceiveFromISR
                0x00000000       0xb4 ..\obj\queue.o
 .text.xQueuePeekFromISR
                0x00000000       0x78 ..\obj\queue.o
 .text.uxQueueMessagesWaiting
                0x00000000       0x2c ..\obj\queue.o
 .text.uxQueueSpacesAvailable
                0x00000000       0x38 ..\obj\queue.o
 .text.uxQueueMessagesWaitingFromISR
                0x00000000       0x24 ..\obj\queue.o
 .text.vQueueDelete
                0x00000000       0x3c ..\obj\queue.o
 .text.uxQueueGetQueueNumber
                0x00000000       0x18 ..\obj\queue.o
 .text.vQueueSetQueueNumber
                0x00000000       0x1c ..\obj\queue.o
 .text.ucQueueGetQueueType
                0x00000000       0x1c ..\obj\queue.o
 .text.xQueueIsQueueEmptyFromISR
                0x00000000       0x30 ..\obj\queue.o
 .text.xQueueIsQueueFullFromISR
                0x00000000       0x34 ..\obj\queue.o
 .text.vQueueUnregisterQueue
                0x00000000       0x44 ..\obj\queue.o
 .text          0x00000000        0x0 ..\obj\croutine.o
 .data          0x00000000        0x0 ..\obj\croutine.o
 .bss           0x00000000       0x80 ..\obj\croutine.o
 .text.xCoRoutineCreate
                0x00000000       0xcc ..\obj\croutine.o
 .text.vCoRoutineAddToDelayedList
                0x00000000       0x84 ..\obj\croutine.o
 .text.prvCheckPendingReadyList
                0x00000000       0x78 ..\obj\croutine.o
 .text.prvCheckDelayedList
                0x00000000       0xf8 ..\obj\croutine.o
 .text.vCoRoutineSchedule
                0x00000000       0xa0 ..\obj\croutine.o
 .text.prvInitialiseCoRoutineLists
                0x00000000       0x68 ..\obj\croutine.o
 .text.xCoRoutineRemoveFromEventList
                0x00000000       0x50 ..\obj\croutine.o
 .debug_info    0x00000000      0x4c0 ..\obj\croutine.o
 .debug_abbrev  0x00000000      0x196 ..\obj\croutine.o
 .debug_aranges
                0x00000000       0x50 ..\obj\croutine.o
 .debug_ranges  0x00000000       0x40 ..\obj\croutine.o
 .debug_line    0x00000000      0x2c2 ..\obj\croutine.o
 .debug_str     0x00000000      0x4e9 ..\obj\croutine.o
 .comment       0x00000000       0x71 ..\obj\croutine.o
 .ARM.attributes
                0x00000000       0x39 ..\obj\croutine.o
 .debug_frame   0x00000000       0xf0 ..\obj\croutine.o
 .text          0x00000000        0x0 ..\obj\event_groups.o
 .data          0x00000000        0x0 ..\obj\event_groups.o
 .bss           0x00000000        0x0 ..\obj\event_groups.o
 .text.xEventGroupCreate
                0x00000000       0x30 ..\obj\event_groups.o
 .text.xEventGroupSync
                0x00000000      0x11c ..\obj\event_groups.o
 .text.xEventGroupWaitBits
                0x00000000      0x140 ..\obj\event_groups.o
 .text.xEventGroupClearBits
                0x00000000       0x44 ..\obj\event_groups.o
 .text.xEventGroupGetBitsFromISR
                0x00000000       0x28 ..\obj\event_groups.o
 .text.xEventGroupSetBits
                0x00000000       0xec ..\obj\event_groups.o
 .text.vEventGroupDelete
                0x00000000       0x50 ..\obj\event_groups.o
 .text.vEventGroupSetBitsCallback
                0x00000000       0x18 ..\obj\event_groups.o
 .text.vEventGroupClearBitsCallback
                0x00000000       0x18 ..\obj\event_groups.o
 .text.prvTestWaitCondition
                0x00000000       0x44 ..\obj\event_groups.o
 .text.uxEventGroupGetNumber
                0x00000000       0x2c ..\obj\event_groups.o
 .debug_info    0x00000000      0x66f ..\obj\event_groups.o
 .debug_abbrev  0x00000000      0x14f ..\obj\event_groups.o
 .debug_aranges
                0x00000000       0x70 ..\obj\event_groups.o
 .debug_ranges  0x00000000       0x60 ..\obj\event_groups.o
 .debug_line    0x00000000      0x36b ..\obj\event_groups.o
 .debug_str     0x00000000      0x517 ..\obj\event_groups.o
 .comment       0x00000000       0x71 ..\obj\event_groups.o
 .ARM.attributes
                0x00000000       0x39 ..\obj\event_groups.o
 .debug_frame   0x00000000      0x168 ..\obj\event_groups.o
 .text          0x00000000        0x0 ..\obj\stm32f4xx_exti.o
 .data          0x00000000        0x0 ..\obj\stm32f4xx_exti.o
 .bss           0x00000000        0x0 ..\obj\stm32f4xx_exti.o
 .text.EXTI_DeInit
                0x00000000       0x34 ..\obj\stm32f4xx_exti.o
 .text.EXTI_Init
                0x00000000       0xdc ..\obj\stm32f4xx_exti.o
 .text.EXTI_StructInit
                0x00000000       0x2c ..\obj\stm32f4xx_exti.o
 .text.EXTI_GenerateSWInterrupt
                0x00000000       0x24 ..\obj\stm32f4xx_exti.o
 .text.EXTI_GetFlagStatus
                0x00000000       0x34 ..\obj\stm32f4xx_exti.o
 .text.EXTI_ClearFlag
                0x00000000       0x1c ..\obj\stm32f4xx_exti.o
 .text.EXTI_GetITStatus
                0x00000000       0x48 ..\obj\stm32f4xx_exti.o
 .text.EXTI_ClearITPendingBit
                0x00000000       0x1c ..\obj\stm32f4xx_exti.o
 .debug_info    0x00000000      0x331 ..\obj\stm32f4xx_exti.o
 .debug_abbrev  0x00000000      0x1a5 ..\obj\stm32f4xx_exti.o
 .debug_aranges
                0x00000000       0x58 ..\obj\stm32f4xx_exti.o
 .debug_ranges  0x00000000       0x48 ..\obj\stm32f4xx_exti.o
 .debug_line    0x00000000      0x229 ..\obj\stm32f4xx_exti.o
 .debug_str     0x00000000      0x35f ..\obj\stm32f4xx_exti.o
 .comment       0x00000000       0x71 ..\obj\stm32f4xx_exti.o
 .ARM.attributes
                0x00000000       0x39 ..\obj\stm32f4xx_exti.o
 .debug_frame   0x00000000       0xec ..\obj\stm32f4xx_exti.o
 .text          0x00000000        0x0 ..\obj\misc.o
 .data          0x00000000        0x0 ..\obj\misc.o
 .bss           0x00000000        0x0 ..\obj\misc.o
 .text.NVIC_PriorityGroupConfig
                0x00000000       0x24 ..\obj\misc.o
 .text.NVIC_Init
                0x00000000       0xbc ..\obj\misc.o
 .text.NVIC_SetVectorTable
                0x00000000       0x2c ..\obj\misc.o
 .text.NVIC_SystemLPConfig
                0x00000000       0x40 ..\obj\misc.o
 .text.SysTick_CLKSourceConfig
                0x00000000       0x38 ..\obj\misc.o
 .debug_info    0x00000000      0x51c ..\obj\misc.o
 .debug_abbrev  0x00000000      0x145 ..\obj\misc.o
 .debug_aranges
                0x00000000       0x40 ..\obj\misc.o
 .debug_ranges  0x00000000       0x30 ..\obj\misc.o
 .debug_line    0x00000000      0x1c9 ..\obj\misc.o
 .debug_str     0x00000000      0x3ca ..\obj\misc.o
 .comment       0x00000000       0x71 ..\obj\misc.o
 .ARM.attributes
                0x00000000       0x39 ..\obj\misc.o
 .debug_frame   0x00000000       0x9c ..\obj\misc.o
 .text          0x00000000        0x0 ..\obj\heap_2.o
 .rodata        0x00000000        0x2 ..\obj\heap_2.o
 .text.xPortGetFreeHeapSize
                0x00000000       0x18 ..\obj\heap_2.o
 .text.vPortInitialiseBlocks
                0x00000000        0xc ..\obj\heap_2.o
 .text          0x00000000      0x370 c:/program files (x86)/gnu tools arm embedded/4.8 2013q4/bin/../lib/gcc/arm-none-eabi/4.8.3/armv7e-m/fpu\libgcc.a(_arm_addsubdf3.o)
 .data          0x00000000        0x0 c:/program files (x86)/gnu tools arm embedded/4.8 2013q4/bin/../lib/gcc/arm-none-eabi/4.8.3/armv7e-m/fpu\libgcc.a(_arm_addsubdf3.o)
 .bss           0x00000000        0x0 c:/program files (x86)/gnu tools arm embedded/4.8 2013q4/bin/../lib/gcc/arm-none-eabi/4.8.3/armv7e-m/fpu\libgcc.a(_arm_addsubdf3.o)
 .ARM.attributes
                0x00000000       0x22 c:/program files (x86)/gnu tools arm embedded/4.8 2013q4/bin/../lib/gcc/arm-none-eabi/4.8.3/armv7e-m/fpu\libgcc.a(_arm_addsubdf3.o)
 .text          0x00000000      0x110 c:/program files (x86)/gnu tools arm embedded/4.8 2013q4/bin/../lib/gcc/arm-none-eabi/4.8.3/armv7e-m/fpu\libgcc.a(_arm_cmpdf2.o)
 .data          0x00000000        0x0 c:/program files (x86)/gnu tools arm embedded/4.8 2013q4/bin/../lib/gcc/arm-none-eabi/4.8.3/armv7e-m/fpu\libgcc.a(_arm_cmpdf2.o)
 .bss           0x00000000        0x0 c:/program files (x86)/gnu tools arm embedded/4.8 2013q4/bin/../lib/gcc/arm-none-eabi/4.8.3/armv7e-m/fpu\libgcc.a(_arm_cmpdf2.o)
 .ARM.attributes
                0x00000000       0x22 c:/program files (x86)/gnu tools arm embedded/4.8 2013q4/bin/../lib/gcc/arm-none-eabi/4.8.3/armv7e-m/fpu\libgcc.a(_arm_cmpdf2.o)
 .text          0x00000000        0x0 c:/program files (x86)/gnu tools arm embedded/4.8 2013q4/bin/../lib/gcc/arm-none-eabi/4.8.3/../../../../arm-none-eabi/lib/armv7e-m/fpu\libg.a(lib_a-memcmp.o)
 .data          0x00000000        0x0 c:/program files (x86)/gnu tools arm embedded/4.8 2013q4/bin/../lib/gcc/arm-none-eabi/4.8.3/../../../../arm-none-eabi/lib/armv7e-m/fpu\libg.a(lib_a-memcmp.o)
 .bss           0x00000000        0x0 c:/program files (x86)/gnu tools arm embedded/4.8 2013q4/bin/../lib/gcc/arm-none-eabi/4.8.3/../../../../arm-none-eabi/lib/armv7e-m/fpu\libg.a(lib_a-memcmp.o)
 .data          0x00000000        0x0 c:/program files (x86)/gnu tools arm embedded/4.8 2013q4/bin/../lib/gcc/arm-none-eabi/4.8.3/../../../../arm-none-eabi/lib/armv7e-m/fpu\libg.a(lib_a-memcpy.o)
 .bss           0x00000000        0x0 c:/program files (x86)/gnu tools arm embedded/4.8 2013q4/bin/../lib/gcc/arm-none-eabi/4.8.3/../../../../arm-none-eabi/lib/armv7e-m/fpu\libg.a(lib_a-memcpy.o)
 .text          0x00000000        0x0 c:/program files (x86)/gnu tools arm embedded/4.8 2013q4/bin/../lib/gcc/arm-none-eabi/4.8.3/../../../../arm-none-eabi/lib/armv7e-m/fpu\libg.a(lib_a-memset.o)
 .data          0x00000000        0x0 c:/program files (x86)/gnu tools arm embedded/4.8 2013q4/bin/../lib/gcc/arm-none-eabi/4.8.3/../../../../arm-none-eabi/lib/armv7e-m/fpu\libg.a(lib_a-memset.o)
 .bss           0x00000000        0x0 c:/program files (x86)/gnu tools arm embedded/4.8 2013q4/bin/../lib/gcc/arm-none-eabi/4.8.3/../../../../arm-none-eabi/lib/armv7e-m/fpu\libg.a(lib_a-memset.o)

Memory Configuration

Name             Origin             Length             Attributes
rom              0x08000000         0x00100000         xr
ram              0x20000000         0x00020000         xrw
ram1             0x10000000         0x00010000         xrw
*default*        0x00000000         0xffffffff

Linker script and memory map

                0x20020000                _eram = 0x20020000

.text           0x08000000     0x5f24
 *(.isr_vector)
 .isr_vector    0x08000000      0x188 ..\obj\startup_stm32f4xx.o
                0x08000000                g_pfnVectors
 *(.text*)
 .text.LCD_CtrlLinesConfig
                0x08000188      0x198 ..\obj\stm32f4_discovery_lcd.o
                0x08000188                LCD_CtrlLinesConfig
 .text.LCD_FSMCConfig
                0x08000320       0x80 ..\obj\stm32f4_discovery_lcd.o
                0x08000320                LCD_FSMCConfig
 .text.STM32f4_Discovery_LCD_Init
                0x080003a0      0x198 ..\obj\stm32f4_discovery_lcd.o
                0x080003a0                STM32f4_Discovery_LCD_Init
 .text.LCD_SetCursor
                0x08000538       0x28 ..\obj\stm32f4_discovery_lcd.o
                0x08000538                LCD_SetCursor
 .text.LCD_WriteReg
                0x08000560       0x2c ..\obj\stm32f4_discovery_lcd.o
                0x08000560                LCD_WriteReg
 .text.LCD_WriteRAM_Prepare
                0x0800058c       0x14 ..\obj\stm32f4_discovery_lcd.o
                0x0800058c                LCD_WriteRAM_Prepare
 .text.LCD_WriteRAM
                0x080005a0       0x20 ..\obj\stm32f4_discovery_lcd.o
                0x080005a0                LCD_WriteRAM
 .text.LCD_SetTextColor
                0x080005c0       0x20 ..\obj\stm32f4_discovery_lcd.o
                0x080005c0                LCD_SetTextColor
 .text.LCD_SetBackColor
                0x080005e0       0x20 ..\obj\stm32f4_discovery_lcd.o
                0x080005e0                LCD_SetBackColor
 .text.LCD_SetFont
                0x08000600       0x1c ..\obj\stm32f4_discovery_lcd.o
                0x08000600                LCD_SetFont
 .text.LCD_GetFont
                0x0800061c       0x18 ..\obj\stm32f4_discovery_lcd.o
                0x0800061c                LCD_GetFont
 .text.LCD_Clear
                0x08000634       0x40 ..\obj\stm32f4_discovery_lcd.o
                0x08000634                LCD_Clear
 .text.LCD_DrawChar
                0x08000674      0x104 ..\obj\stm32f4_discovery_lcd.o
                0x08000674                LCD_DrawChar
 .text.LCD_DisplayChar
                0x08000778       0x48 ..\obj\stm32f4_discovery_lcd.o
                0x08000778                LCD_DisplayChar
 .text.LCD_DisplayStringLine
                0x080007c0       0x6c ..\obj\stm32f4_discovery_lcd.o
                0x080007c0                LCD_DisplayStringLine
 .text.delay    0x0800082c       0x30 ..\obj\stm32f4_discovery_lcd.o
 .text.vPrintInitialise
                0x0800085c       0x24 ..\obj\print.o
                0x0800085c                vPrintInitialise
 .text.vPrintDisplayMessage
                0x08000880       0x24 ..\obj\print.o
                0x08000880                vPrintDisplayMessage
 .text.pcPrintGetNextMessage
                0x080008a4       0x34 ..\obj\print.o
                0x080008a4                pcPrintGetNextMessage
 .text.Default_Reset_Handler
                0x080008d8       0x6c ..\obj\startup_stm32f4xx.o
                0x080008d8                Default_Reset_Handler
                0x080008d8                Reset_Handler
 .text.Default_Handler
                0x08000944        0x8 ..\obj\startup_stm32f4xx.o
                0x08000944                RTC_Alarm_IRQHandler
                0x08000944                HASH_RNG_IRQHandler
                0x08000944                EXTI2_IRQHandler
                0x08000944                TIM8_CC_IRQHandler
                0x08000944                DebugMon_Handler
                0x08000944                TIM1_CC_IRQHandler
                0x08000944                DMA2_Stream5_IRQHandler
                0x08000944                HardFault_Handler
                0x08000944                DMA1_Stream5_IRQHandler
                0x08000944                PVD_IRQHandler
                0x08000944                SDIO_IRQHandler
                0x08000944                TAMP_STAMP_IRQHandler
                0x08000944                NMI_Handler
                0x08000944                CAN2_RX1_IRQHandler
                0x08000944                EXTI3_IRQHandler
                0x08000944                TIM8_TRG_COM_TIM14_IRQHandler
                0x08000944                TIM1_UP_TIM10_IRQHandler
                0x08000944                TIM8_UP_TIM13_IRQHandler
                0x08000944                I2C3_ER_IRQHandler
                0x08000944                EXTI0_IRQHandler
                0x08000944                I2C2_EV_IRQHandler
                0x08000944                DMA1_Stream2_IRQHandler
                0x08000944                CAN1_RX0_IRQHandler
                0x08000944                FPU_IRQHandler
                0x08000944                OTG_HS_WKUP_IRQHandler
                0x08000944                UsageFault_Handler
                0x08000944                CAN2_SCE_IRQHandler
                0x08000944                DMA2_Stream2_IRQHandler
                0x08000944                SPI1_IRQHandler
                0x08000944                TIM6_DAC_IRQHandler
                0x08000944                TIM1_BRK_TIM9_IRQHandler
                0x08000944                DCMI_IRQHandler
                0x08000944                CAN2_RX0_IRQHandler
                0x08000944                DMA2_Stream3_IRQHandler
                0x08000944                USART6_IRQHandler
                0x08000944                USART3_IRQHandler
                0x08000944                CRYP_IRQHandler
                0x08000944                CAN1_RX1_IRQHandler
                0x08000944                UART5_IRQHandler
                0x08000944                DMA2_Stream0_IRQHandler
                0x08000944                TIM4_IRQHandler
                0x08000944                I2C1_EV_IRQHandler
                0x08000944                DMA1_Stream6_IRQHandler
                0x08000944                DMA1_Stream1_IRQHandler
                0x08000944                UART4_IRQHandler
                0x08000944                TIM3_IRQHandler
                0x08000944                RCC_IRQHandler
                0x08000944                TIM8_BRK_TIM12_IRQHandler
                0x08000944                EXTI15_10_IRQHandler
                0x08000944                ADC_IRQHandler
                0x08000944                DMA1_Stream7_IRQHandler
                0x08000944                TIM7_IRQHandler
                0x08000944                CAN2_TX_IRQHandler
                0x08000944                TIM5_IRQHandler
                0x08000944                DMA2_Stream7_IRQHandler
                0x08000944                I2C3_EV_IRQHandler
                0x08000944                EXTI9_5_IRQHandler
                0x08000944                RTC_WKUP_IRQHandler
                0x08000944                ETH_WKUP_IRQHandler
                0x08000944                SPI2_IRQHandler
                0x08000944                OTG_HS_EP1_IN_IRQHandler
                0x08000944                MemManage_Handler
                0x08000944                DMA1_Stream0_IRQHandler
                0x08000944                CAN1_TX_IRQHandler
                0x08000944                EXTI4_IRQHandler
                0x08000944                FSMC_IRQHandler
                0x08000944                ETH_IRQHandler
                0x08000944                OTG_HS_EP1_OUT_IRQHandler
                0x08000944                WWDG_IRQHandler
                0x08000944                TIM2_IRQHandler
                0x08000944                OTG_FS_WKUP_IRQHandler
                0x08000944                TIM1_TRG_COM_TIM11_IRQHandler
                0x08000944                OTG_HS_IRQHandler
                0x08000944                EXTI1_IRQHandler
                0x08000944                USART2_IRQHandler
                0x08000944                I2C2_ER_IRQHandler
                0x08000944                DMA2_Stream1_IRQHandler
                0x08000944                CAN1_SCE_IRQHandler
                0x08000944                FLASH_IRQHandler
                0x08000944                DMA2_Stream4_IRQHandler
                0x08000944                BusFault_Handler
                0x08000944                USART1_IRQHandler
                0x08000944                OTG_FS_IRQHandler
                0x08000944                SPI3_IRQHandler
                0x08000944                DMA1_Stream4_IRQHandler
                0x08000944                I2C1_ER_IRQHandler
                0x08000944                DMA2_Stream6_IRQHandler
                0x08000944                DMA1_Stream3_IRQHandler
 .text.STM_EVAL_LEDInit
                0x0800094c       0x5c ..\obj\stm32f4_discovery.o
                0x0800094c                STM_EVAL_LEDInit
 .text.STM_EVAL_LEDToggle
                0x080009a8       0x3c ..\obj\stm32f4_discovery.o
                0x080009a8                STM_EVAL_LEDToggle
 .text.main     0x080009e4       0x3c ..\obj\main.o
                0x080009e4                main
 .text.vStartLCDPrintTasks
                0x08000a20       0x34 ..\obj\main.o
                0x08000a20                vStartLCDPrintTasks
 .text.vLCDPrintTask
                0x08000a54       0x18 ..\obj\main.o
 .text.vPrintLCD
                0x08000a6c       0x2c ..\obj\main.o
                0x08000a6c                vPrintLCD
 .text.vStartLEDFlashTasks
                0x08000a98       0x54 ..\obj\main.o
                0x08000a98                vStartLEDFlashTasks
 .text.vLEDFlashTask
                0x08000aec       0x44 ..\obj\main.o
 .text.vToggleLED
                0x08000b30       0x20 ..\obj\main.o
                0x08000b30                vToggleLED
 .text.vApplicationStackOverflowHook
                0x08000b50       0x10 ..\obj\main.o
                0x08000b50                vApplicationStackOverflowHook
 .text.vApplicationIdleHook
                0x08000b60        0xc ..\obj\main.o
                0x08000b60                vApplicationIdleHook
 .text.vApplicationMallocFailedHook
                0x08000b6c        0xc ..\obj\main.o
                0x08000b6c                vApplicationMallocFailedHook
 .text.RCC_AHB1PeriphClockCmd
                0x08000b78       0x3c ..\obj\stm32f4xx_rcc.o
                0x08000b78                RCC_AHB1PeriphClockCmd
 .text.RCC_AHB3PeriphClockCmd
                0x08000bb4       0x3c ..\obj\stm32f4xx_rcc.o
                0x08000bb4                RCC_AHB3PeriphClockCmd
 .text.xTimerCreateTimerTask
                0x08000bf0       0x58 ..\obj\timers.o
                0x08000bf0                xTimerCreateTimerTask
 .text.xTimerGenericCommand
                0x08000c48       0x8c ..\obj\timers.o
                0x08000c48                xTimerGenericCommand
 .text.prvProcessExpiredTimer
                0x08000cd4       0x70 ..\obj\timers.o
 .text.prvTimerTask
                0x08000d44       0x24 ..\obj\timers.o
 .text.prvProcessTimerOrBlockTask
                0x08000d68       0x6c ..\obj\timers.o
 .text.prvGetNextExpireTime
                0x08000dd4       0x48 ..\obj\timers.o
 .text.prvSampleTimeNow
                0x08000e1c       0x40 ..\obj\timers.o
 .text.prvInsertTimerInActiveList
                0x08000e5c       0x84 ..\obj\timers.o
 .text.prvProcessReceivedCommands
                0x08000ee0      0x110 ..\obj\timers.o
 .text.prvSwitchTimerLists
                0x08000ff0       0xb0 ..\obj\timers.o
 .text.prvCheckForValidListAndQueue
                0x080010a0       0x78 ..\obj\timers.o
 .text.xTaskGenericCreate
                0x08001118      0x164 ..\obj\tasks.o
                0x08001118                xTaskGenericCreate
 .text.vTaskDelay
                0x0800127c       0x84 ..\obj\tasks.o
                0x0800127c                vTaskDelay
 .text.vTaskStartScheduler
                0x08001300       0x70 ..\obj\tasks.o
                0x08001300                vTaskStartScheduler
 .text.vTaskSuspendAll
                0x08001370       0x1c ..\obj\tasks.o
                0x08001370                vTaskSuspendAll
 .text.xTaskResumeAll
                0x0800138c      0x108 ..\obj\tasks.o
                0x0800138c                xTaskResumeAll
 .text.xTaskGetTickCount
                0x08001494       0x24 ..\obj\tasks.o
                0x08001494                xTaskGetTickCount
 .text.xTaskIncrementTick
                0x080014b8      0x16c ..\obj\tasks.o
                0x080014b8                xTaskIncrementTick
 .text.vTaskSwitchContext
                0x08001624       0xf0 ..\obj\tasks.o
                0x08001624                vTaskSwitchContext
 .text.vTaskPlaceOnEventList
                0x08001714       0x8c ..\obj\tasks.o
                0x08001714                vTaskPlaceOnEventList
 .text.vTaskPlaceOnEventListRestricted
                0x080017a0       0x70 ..\obj\tasks.o
                0x080017a0                vTaskPlaceOnEventListRestricted
 .text.xTaskRemoveFromEventList
                0x08001810       0xb4 ..\obj\tasks.o
                0x08001810                xTaskRemoveFromEventList
 .text.vTaskSetTimeOutState
                0x080018c4       0x34 ..\obj\tasks.o
                0x080018c4                vTaskSetTimeOutState
 .text.xTaskCheckForTimeOut
                0x080018f8       0xa0 ..\obj\tasks.o
                0x080018f8                xTaskCheckForTimeOut
 .text.vTaskMissedYield
                0x08001998       0x18 ..\obj\tasks.o
                0x08001998                vTaskMissedYield
 .text.prvIdleTask
                0x080019b0       0x24 ..\obj\tasks.o
 .text.prvInitialiseTCBVariables
                0x080019d4       0x94 ..\obj\tasks.o
 .text.prvInitialiseTaskLists
                0x08001a68       0x7c ..\obj\tasks.o
 .text.prvCheckTasksWaitingTermination
                0x08001ae4       0x74 ..\obj\tasks.o
 .text.prvAddCurrentTaskToDelayedList
                0x08001b58       0x6c ..\obj\tasks.o
 .text.prvAllocateTCBAndStack
                0x08001bc4       0x64 ..\obj\tasks.o
 .text.prvDeleteTCB
                0x08001c28       0x20 ..\obj\tasks.o
 .text.prvResetNextTaskUnblockTime
                0x08001c48       0x48 ..\obj\tasks.o
 .text.xTaskGetSchedulerState
                0x08001c90       0x3c ..\obj\tasks.o
                0x08001c90                xTaskGetSchedulerState
 .text.vTaskPriorityInherit
                0x08001ccc       0xec ..\obj\tasks.o
                0x08001ccc                vTaskPriorityInherit
 .text.xTaskPriorityDisinherit
                0x08001db8       0xd8 ..\obj\tasks.o
                0x08001db8                xTaskPriorityDisinherit
 .text.pvTaskIncrementMutexHeldCount
                0x08001e90       0x28 ..\obj\tasks.o
                0x08001e90                pvTaskIncrementMutexHeldCount
 .text.FSMC_NORSRAMInit
                0x08001eb8      0x134 ..\obj\stm32f4xx_fsmc.o
                0x08001eb8                FSMC_NORSRAMInit
 .text.FSMC_NORSRAMCmd
                0x08001fec       0x54 ..\obj\stm32f4xx_fsmc.o
                0x08001fec                FSMC_NORSRAMCmd
 .text.GPIO_Init
                0x08002040      0x11c ..\obj\stm32f4xx_gpio.o
                0x08002040                GPIO_Init
 .text.GPIO_SetBits
                0x0800215c       0x1c ..\obj\stm32f4xx_gpio.o
                0x0800215c                GPIO_SetBits
 .text.GPIO_ResetBits
                0x08002178       0x1c ..\obj\stm32f4xx_gpio.o
                0x08002178                GPIO_ResetBits
 .text.GPIO_PinAFConfig
                0x08002194       0x8c ..\obj\stm32f4xx_gpio.o
                0x08002194                GPIO_PinAFConfig
 .text.vListInitialise
                0x08002220       0x40 ..\obj\list.o
                0x08002220                vListInitialise
 .text.vListInitialiseItem
                0x08002260       0x18 ..\obj\list.o
                0x08002260                vListInitialiseItem
 .text.vListInsertEnd
                0x08002278       0x48 ..\obj\list.o
                0x08002278                vListInsertEnd
 .text.vListInsert
                0x080022c0       0x70 ..\obj\list.o
                0x080022c0                vListInsert
 .text.uxListRemove
                0x08002330       0x54 ..\obj\list.o
                0x08002330                uxListRemove
 .text.SystemInit
                0x08002384       0x68 ..\obj\system_stm32f4xx.o
                0x08002384                SystemInit
 .text.SetSysClock
                0x080023ec       0xf4 ..\obj\system_stm32f4xx.o
 .text.pxPortInitialiseStack
                0x080024e0       0x64 ..\obj\port.o
                0x080024e0                pxPortInitialiseStack
 .text.prvTaskExitError
                0x08002544       0x20 ..\obj\port.o
 .text.SVC_Handler
                0x08002564       0x20 ..\obj\port.o
                0x08002564                SVC_Handler
 .text.prvPortStartFirstTask
                0x08002584       0x20 ..\obj\port.o
 .text.xPortStartScheduler
                0x080025a4       0xd0 ..\obj\port.o
                0x080025a4                xPortStartScheduler
 .text.vPortYield
                0x08002674       0x20 ..\obj\port.o
                0x08002674                vPortYield
 .text.vPortEnterCritical
                0x08002694       0x40 ..\obj\port.o
                0x08002694                vPortEnterCritical
 .text.vPortExitCritical
                0x080026d4       0x30 ..\obj\port.o
                0x080026d4                vPortExitCritical
 .text.ulPortSetInterruptMask
                0x08002704       0x14 ..\obj\port.o
                0x08002704                ulPortSetInterruptMask
 .text.vPortClearInterruptMask
                0x08002718        0x8 ..\obj\port.o
                0x08002718                vPortClearInterruptMask
 .text.PendSV_Handler
                0x08002720       0x58 ..\obj\port.o
                0x08002720                PendSV_Handler
 .text.SysTick_Handler
                0x08002778       0x28 ..\obj\port.o
                0x08002778                SysTick_Handler
 .text.vPortSetupTimerInterrupt
                0x080027a0       0x34 ..\obj\port.o
                0x080027a0                vPortSetupTimerInterrupt
 .text.vPortEnableVFP
                0x080027d4       0x14 ..\obj\port.o
 .text.vPortValidateInterruptPriority
                0x080027e8       0x58 ..\obj\port.o
                0x080027e8                vPortValidateInterruptPriority
 .text.xQueueGenericReset
                0x08002840       0xb0 ..\obj\queue.o
                0x08002840                xQueueGenericReset
 .text.xQueueGenericCreate
                0x080028f0       0x84 ..\obj\queue.o
                0x080028f0                xQueueGenericCreate
 .text.xQueueGenericSend
                0x08002974      0x18c ..\obj\queue.o
                0x08002974                xQueueGenericSend
 .text.xQueueGenericSendFromISR
                0x08002b00       0xe8 ..\obj\queue.o
                0x08002b00                xQueueGenericSendFromISR
 .text.xQueueGenericReceive
                0x08002be8      0x1bc ..\obj\queue.o
                0x08002be8                xQueueGenericReceive
 .text.prvCopyDataToQueue
                0x08002da4       0xdc ..\obj\queue.o
 .text.prvCopyDataFromQueue
                0x08002e80       0x4c ..\obj\queue.o
 .text.prvUnlockQueue
                0x08002ecc       0x98 ..\obj\queue.o
 .text.prvIsQueueEmpty
                0x08002f64       0x2c ..\obj\queue.o
 .text.prvIsQueueFull
                0x08002f90       0x30 ..\obj\queue.o
 .text.vQueueAddToRegistry
                0x08002fc0       0x50 ..\obj\queue.o
                0x08002fc0                vQueueAddToRegistry
 .text.vQueueWaitForMessageRestricted
                0x08003010       0x58 ..\obj\queue.o
                0x08003010                vQueueWaitForMessageRestricted
 .text.pvPortMalloc
                0x08003068      0x124 ..\obj\heap_2.o
                0x08003068                pvPortMalloc
 .text.vPortFree
                0x0800318c       0x70 ..\obj\heap_2.o
                0x0800318c                vPortFree
 .text.prvHeapInit
                0x080031fc       0x50 ..\obj\heap_2.o
 .text.memcmp   0x0800324c       0x68 c:/program files (x86)/gnu tools arm embedded/4.8 2013q4/bin/../lib/gcc/arm-none-eabi/4.8.3/../../../../arm-none-eabi/lib/armv7e-m/fpu\libg.a(lib_a-memcmp.o)
                0x0800324c                memcmp
 .text          0x080032b4      0x134 c:/program files (x86)/gnu tools arm embedded/4.8 2013q4/bin/../lib/gcc/arm-none-eabi/4.8.3/../../../../arm-none-eabi/lib/armv7e-m/fpu\libg.a(lib_a-memcpy.o)
                0x080032b4                memcpy
 .text.memset   0x080033e8       0x94 c:/program files (x86)/gnu tools arm embedded/4.8 2013q4/bin/../lib/gcc/arm-none-eabi/4.8.3/../../../../arm-none-eabi/lib/armv7e-m/fpu\libg.a(lib_a-memset.o)
                0x080033e8                memset
 *(.init)
 *(.fini)
 *crtbegin.o(.ctors)
 *crtbegin?.o(.ctors)
 *(EXCLUDE_FILE(*crtend.o *crtend?.o) .ctors)
 *(SORT(.ctors.*))
 *(.ctors)
 *crtbegin.o(.dtors)
 *crtbegin?.o(.dtors)
 *(EXCLUDE_FILE(*crtend.o *crtend?.o) .dtors)
 *(SORT(.dtors.*))
 *(.dtors)
 *(.rodata*)
 .rodata        0x0800347c       0x60 ..\obj\stm32f4_discovery.o
                0x0800347c                GPIO_PIN
                0x08003484                GPIO_CLK
                0x08003494                BUTTON_PIN
                0x08003498                BUTTON_CLK
                0x0800349c                BUTTON_EXTI_LINE
                0x080034a0                BUTTON_PORT_SOURCE
                0x080034a4                BUTTON_PIN_SOURCE
                0x080034a8                BUTTON_IRQn
                0x080034ac                COM_USART_CLK
                0x080034b4                COM_TX_PORT_CLK
                0x080034bc                COM_RX_PORT_CLK
                0x080034c4                COM_TX_PIN
                0x080034c8                COM_RX_PIN
                0x080034cc                COM_TX_PIN_SOURCE
                0x080034d0                COM_RX_PIN_SOURCE
                0x080034d4                COM_TX_AF
                0x080034d8                COM_RX_AF
 .rodata        0x080034dc       0x4c ..\obj\main.o
                0x080034f4                pcTaskStartMsg
 .rodata        0x08003528       0x10 ..\obj\timers.o
 .rodata        0x08003538       0x1c ..\obj\tasks.o
 .rodata        0x08003554     0x29d0 ..\obj\fonts.o
                0x08003554                ASCII16x24_Table
                0x08004724                ASCII12x12_Table
                0x08005024                ASCII8x12_Table
                0x08005924                ASCII8x8_Table
 *(.eh_fram e*)

.glue_7         0x08005f24        0x0
 .glue_7        0x00000000        0x0 linker stubs

.glue_7t        0x08005f24        0x0
 .glue_7t       0x00000000        0x0 linker stubs

.vfp11_veneer   0x08005f24        0x0
 .vfp11_veneer  0x00000000        0x0 linker stubs

.v4_bx          0x08005f24        0x0
 .v4_bx         0x00000000        0x0 linker stubs

.iplt           0x08005f24        0x0
 .iplt          0x00000000        0x0 ..\obj\stm32f4xx_syscfg.o

.rel.dyn        0x08005f24        0x0
 .rel.iplt      0x00000000        0x0 ..\obj\stm32f4xx_syscfg.o

.ARM.extab
 *(.ARM.extab* .gnu.linkonce.armextab.*)
                0x08005f24                __exidx_start = .

.ARM.exidx
 *(.ARM.exidx* .gnu.linkonce.armexidx.*)
                0x08005f24                __exidx_end = .
                0x08005f24                __etext = .
                0x08005f24                _sidata = __etext

.data           0x20000000       0x70 load address 0x08005f24
                0x20000000                __data_start__ = .
                0x20000000                _sdata = __data_start__
 *(vtable)
 *(.data*)
 .data          0x20000000        0x2 ..\obj\stm32f4_discovery_lcd.o
 *fill*         0x20000002        0x2 
 .data          0x20000004       0x2c ..\obj\stm32f4_discovery.o
                0x20000004                GPIO_PORT
                0x20000014                BUTTON_PORT
                0x20000018                COM_USART
                0x20000020                COM_TX_PORT
                0x20000028                COM_RX_PORT
 .data          0x20000030        0x4 ..\obj\tasks.o
 .data          0x20000034       0x20 ..\obj\fonts.o
                0x20000034                Font16x24
                0x2000003c                Font12x12
                0x20000044                Font8x12
                0x2000004c                Font8x8
 .data          0x20000054       0x14 ..\obj\system_stm32f4xx.o
                0x20000054                SystemCoreClock
                0x20000058                AHBPrescTable
 .data          0x20000068        0x4 ..\obj\port.o
 .data          0x2000006c        0x4 ..\obj\heap_2.o
                0x20000070                . = ALIGN (0x4)
                0x20000070                PROVIDE (__preinit_array_start, .)
 *(.preinit_array)
                0x20000070                PROVIDE (__preinit_array_end, .)
                0x20000070                . = ALIGN (0x4)
                0x20000070                PROVIDE (__init_array_start, .)
 *(SORT(.init_array.*))
 *(.init_array)
                0x20000070                PROVIDE (__init_array_end, .)
                0x20000070                . = ALIGN (0x4)
                0x20000070                PROVIDE (__fini_array_start, .)
 *(SORT(.fini_array.*))
 *(.fini_array)
                0x20000070                PROVIDE (__fini_array_end, .)
 *(.jcr*)
                0x20000070                . = ALIGN (0x4)
                0x20000070                __data_end__ = .
                0x20000070                _edata = __data_end__

.igot.plt       0x20000070        0x0 load address 0x08005f94
 .igot.plt      0x00000000        0x0 ..\obj\stm32f4xx_syscfg.o

.bss            0x20000070    0x12d9c load address 0x08005f94
                0x20000070                . = ALIGN (0x4)
                0x20000070                __bss_start__ = .
                0x20000070                _sbss = __bss_start__
 *(.bss*)
 .bss           0x20000070        0x8 ..\obj\stm32f4_discovery_lcd.o
 .bss           0x20000078        0x4 ..\obj\print.o
 .bss           0x2000007c       0x38 ..\obj\timers.o
 .bss           0x200000b4       0xfc ..\obj\tasks.o
                0x200000b4                pxCurrentTCB
 .bss           0x200001b0        0x8 ..\obj\port.o
 .bss           0x200001b8    0x12c14 ..\obj\heap_2.o
 *(COMMON)
 COMMON         0x20012dcc       0x40 ..\obj\queue.o
                0x20012dcc                xQueueRegistry
                0x20012e0c                . = ALIGN (0x4)
                0x20012e0c                __bss_end__ = .
                0x20012e0c                _ebss = __bss_end__

.heap           0x20012e0c        0x0
                0x20012e0c                __end__ = .
                0x20012e0c                _end = __end__
                0x20012e0c                end = __end__
 *(.heap*)
                0x20012e0c                __HeapLimit = .

.co_stack       0x20012e0c     0x1004 load address 0x08018d30
                0x20012e10                . = ALIGN (0x8)
 *fill*         0x20012e0c        0x4 
 *(.co_stack .co_stack.*)
 .co_stack      0x20012e10     0x1000 ..\obj\startup_stm32f4xx.o
                0x20012e10                pulStack
                0x20020000                __StackTop = (ORIGIN (ram) + 0x20000)
                0x2001effc                __StackLimit = (__StackTop - SIZEOF (.co_stack))
                0x20020000                PROVIDE (__stack, __StackTop)
                0x00000001                ASSERT ((__StackLimit >= __HeapLimit), region ram  overflowed with stack)
LOAD ..\obj\stm32f4xx_syscfg.o
LOAD ..\obj\stm32f4_discovery_lcd.o
LOAD ..\obj\stm32f4xx_sdio.o
LOAD ..\obj\stm32f4xx_usart.o
LOAD ..\obj\print.o
LOAD ..\obj\startup_stm32f4xx.o
LOAD ..\obj\stm32f4_discovery.o
LOAD ..\obj\main.o
LOAD ..\obj\stm32f4xx_rcc.o
LOAD ..\obj\timers.o
LOAD ..\obj\tasks.o
LOAD ..\obj\fonts.o
LOAD ..\obj\stm32f4xx_fsmc.o
LOAD ..\obj\stm32f4xx_gpio.o
LOAD ..\obj\list.o
LOAD ..\obj\system_stm32f4xx.o
LOAD ..\obj\stm32f4xx_dma.o
LOAD ..\obj\port.o
LOAD ..\obj\queue.o
LOAD ..\obj\croutine.o
LOAD ..\obj\event_groups.o
LOAD ..\obj\stm32f4xx_exti.o
LOAD ..\obj\misc.o
LOAD ..\obj\heap_2.o
START GROUP
LOAD c:/program files (x86)/gnu tools arm embedded/4.8 2013q4/bin/../lib/gcc/arm-none-eabi/4.8.3/armv7e-m/fpu\libgcc.a
LOAD c:/program files (x86)/gnu tools arm embedded/4.8 2013q4/bin/../lib/gcc/arm-none-eabi/4.8.3/../../../../arm-none-eabi/lib/armv7e-m/fpu\libg.a
LOAD c:/program files (x86)/gnu tools arm embedded/4.8 2013q4/bin/../lib/gcc/arm-none-eabi/4.8.3/../../../../arm-none-eabi/lib/armv7e-m/fpu\libc.a
END GROUP
OUTPUT(FreeRTOS Start project.elf elf32-littlearm)

.debug_info     0x00000000     0x72bd
 .debug_info    0x00000000      0xf28 ..\obj\stm32f4_discovery_lcd.o
 .debug_info    0x00000f28      0x17b ..\obj\print.o
 .debug_info    0x000010a3       0xed ..\obj\startup_stm32f4xx.o
 .debug_info    0x00001190      0xd41 ..\obj\stm32f4_discovery.o
 .debug_info    0x00001ed1      0x324 ..\obj\main.o
 .debug_info    0x000021f5      0xc21 ..\obj\stm32f4xx_rcc.o
 .debug_info    0x00002e16      0x7e8 ..\obj\timers.o
 .debug_info    0x000035fe     0x128f ..\obj\tasks.o
 .debug_info    0x0000488d      0x18f ..\obj\fonts.o
 .debug_info    0x00004a1c      0x8d4 ..\obj\stm32f4xx_fsmc.o
 .debug_info    0x000052f0      0x5d6 ..\obj\stm32f4xx_gpio.o
 .debug_info    0x000058c6      0x2ae ..\obj\list.o
 .debug_info    0x00005b74      0x566 ..\obj\system_stm32f4xx.o
 .debug_info    0x000060da      0x337 ..\obj\port.o
 .debug_info    0x00006411      0xbc4 ..\obj\queue.o
 .debug_info    0x00006fd5      0x2e8 ..\obj\heap_2.o

.debug_abbrev   0x00000000     0x178e
 .debug_abbrev  0x00000000      0x239 ..\obj\stm32f4_discovery_lcd.o
 .debug_abbrev  0x00000239       0xb8 ..\obj\print.o
 .debug_abbrev  0x000002f1       0xb0 ..\obj\startup_stm32f4xx.o
 .debug_abbrev  0x000003a1      0x1ca ..\obj\stm32f4_discovery.o
 .debug_abbrev  0x0000056b      0x161 ..\obj\main.o
 .debug_abbrev  0x000006cc      0x1e3 ..\obj\stm32f4xx_rcc.o
 .debug_abbrev  0x000008af      0x19e ..\obj\timers.o
 .debug_abbrev  0x00000a4d      0x296 ..\obj\tasks.o
 .debug_abbrev  0x00000ce3       0x93 ..\obj\fonts.o
 .debug_abbrev  0x00000d76      0x170 ..\obj\stm32f4xx_fsmc.o
 .debug_abbrev  0x00000ee6      0x1a3 ..\obj\stm32f4xx_gpio.o
 .debug_abbrev  0x00001089       0xd6 ..\obj\list.o
 .debug_abbrev  0x0000115f      0x136 ..\obj\system_stm32f4xx.o
 .debug_abbrev  0x00001295      0x1ac ..\obj\port.o
 .debug_abbrev  0x00001441      0x1c9 ..\obj\queue.o
 .debug_abbrev  0x0000160a      0x184 ..\obj\heap_2.o

.debug_aranges  0x00000000      0x9b8
 .debug_aranges
                0x00000000      0x168 ..\obj\stm32f4_discovery_lcd.o
 .debug_aranges
                0x00000168       0x30 ..\obj\print.o
 .debug_aranges
                0x00000198       0x28 ..\obj\startup_stm32f4xx.o
 .debug_aranges
                0x000001c0       0x70 ..\obj\stm32f4_discovery.o
 .debug_aranges
                0x00000230       0x68 ..\obj\main.o
 .debug_aranges
                0x00000298      0x178 ..\obj\stm32f4xx_rcc.o
 .debug_aranges
                0x00000410       0x90 ..\obj\timers.o
 .debug_aranges
                0x000004a0      0x188 ..\obj\tasks.o
 .debug_aranges
                0x00000628       0x18 ..\obj\fonts.o
 .debug_aranges
                0x00000640       0xb0 ..\obj\stm32f4xx_fsmc.o
 .debug_aranges
                0x000006f0       0x88 ..\obj\stm32f4xx_gpio.o
 .debug_aranges
                0x00000778       0x40 ..\obj\list.o
 .debug_aranges
                0x000007b8       0x30 ..\obj\system_stm32f4xx.o
 .debug_aranges
                0x000007e8       0x98 ..\obj\port.o
 .debug_aranges
                0x00000880       0xf8 ..\obj\queue.o
 .debug_aranges
                0x00000978       0x40 ..\obj\heap_2.o

.debug_ranges   0x00000000      0x8b0
 .debug_ranges  0x00000000      0x158 ..\obj\stm32f4_discovery_lcd.o
 .debug_ranges  0x00000158       0x20 ..\obj\print.o
 .debug_ranges  0x00000178       0x18 ..\obj\startup_stm32f4xx.o
 .debug_ranges  0x00000190       0x60 ..\obj\stm32f4_discovery.o
 .debug_ranges  0x000001f0       0x58 ..\obj\main.o
 .debug_ranges  0x00000248      0x168 ..\obj\stm32f4xx_rcc.o
 .debug_ranges  0x000003b0       0x80 ..\obj\timers.o
 .debug_ranges  0x00000430      0x178 ..\obj\tasks.o
 .debug_ranges  0x000005a8       0xa0 ..\obj\stm32f4xx_fsmc.o
 .debug_ranges  0x00000648       0x78 ..\obj\stm32f4xx_gpio.o
 .debug_ranges  0x000006c0       0x30 ..\obj\list.o
 .debug_ranges  0x000006f0       0x20 ..\obj\system_stm32f4xx.o
 .debug_ranges  0x00000710       0x88 ..\obj\port.o
 .debug_ranges  0x00000798       0xe8 ..\obj\queue.o
 .debug_ranges  0x00000880       0x30 ..\obj\heap_2.o

.debug_line     0x00000000     0x3a5f
 .debug_line    0x00000000      0x7a9 ..\obj\stm32f4_discovery_lcd.o
 .debug_line    0x000007a9      0x1b8 ..\obj\print.o
 .debug_line    0x00000961       0x9a ..\obj\startup_stm32f4xx.o
 .debug_line    0x000009fb      0x311 ..\obj\stm32f4_discovery.o
 .debug_line    0x00000d0c      0x2b4 ..\obj\main.o
 .debug_line    0x00000fc0      0x51e ..\obj\stm32f4xx_rcc.o
 .debug_line    0x000014de      0x398 ..\obj\timers.o
 .debug_line    0x00001876      0xa1b ..\obj\tasks.o
 .debug_line    0x00002291       0xc0 ..\obj\fonts.o
 .debug_line    0x00002351      0x3d8 ..\obj\stm32f4xx_fsmc.o
 .debug_line    0x00002729      0x2c3 ..\obj\stm32f4xx_gpio.o
 .debug_line    0x000029ec      0x201 ..\obj\list.o
 .debug_line    0x00002bed      0x17c ..\obj\system_stm32f4xx.o
 .debug_line    0x00002d69      0x322 ..\obj\port.o
 .debug_line    0x0000308b      0x75e ..\obj\queue.o
 .debug_line    0x000037e9      0x276 ..\obj\heap_2.o

.debug_str      0x00000000     0x3c24
 .debug_str     0x00000000      0x930 ..\obj\stm32f4_discovery_lcd.o
                                0x9b2 (size before relaxing)
 .debug_str     0x00000930       0xcb ..\obj\print.o
                                0x22d (size before relaxing)
 .debug_str     0x000009fb       0xa8 ..\obj\startup_stm32f4xx.o
                                0x162 (size before relaxing)
 .debug_str     0x00000aa3      0xb78 ..\obj\stm32f4_discovery.o
                                0xe8a (size before relaxing)
 .debug_str     0x0000161b      0x15e ..\obj\main.o
                                0x320 (size before relaxing)
 .debug_str     0x00001779      0x647 ..\obj\stm32f4xx_rcc.o
                                0x841 (size before relaxing)
 .debug_str     0x00001dc0      0x473 ..\obj\timers.o
                                0x65d (size before relaxing)
 .debug_str     0x00002233      0x9b6 ..\obj\tasks.o
                                0xc5e (size before relaxing)
 .debug_str     0x00002be9       0x98 ..\obj\fonts.o
                                0x1f5 (size before relaxing)
 .debug_str     0x00002c81      0x3f0 ..\obj\stm32f4xx_fsmc.o
                                0x785 (size before relaxing)
 .debug_str     0x00003071      0x19b ..\obj\stm32f4xx_gpio.o
                                0x494 (size before relaxing)
 .debug_str     0x0000320c       0xc4 ..\obj\list.o
                                0x2c5 (size before relaxing)
 .debug_str     0x000032d0      0x110 ..\obj\system_stm32f4xx.o
                                0x39b (size before relaxing)
 .debug_str     0x000033e0      0x256 ..\obj\port.o
                                0x414 (size before relaxing)
 .debug_str     0x00003636      0x470 ..\obj\queue.o
                                0x753 (size before relaxing)
 .debug_str     0x00003aa6      0x17e ..\obj\heap_2.o
                                0x318 (size before relaxing)

.comment        0x00000000       0x70
 .comment       0x00000000       0x70 ..\obj\stm32f4_discovery_lcd.o
                                 0x71 (size before relaxing)
 .comment       0x00000000       0x71 ..\obj\print.o
 .comment       0x00000000       0x71 ..\obj\startup_stm32f4xx.o
 .comment       0x00000000       0x71 ..\obj\stm32f4_discovery.o
 .comment       0x00000000       0x71 ..\obj\main.o
 .comment       0x00000000       0x71 ..\obj\stm32f4xx_rcc.o
 .comment       0x00000000       0x71 ..\obj\timers.o
 .comment       0x00000000       0x71 ..\obj\tasks.o
 .comment       0x00000000       0x71 ..\obj\fonts.o
 .comment       0x00000000       0x71 ..\obj\stm32f4xx_fsmc.o
 .comment       0x00000000       0x71 ..\obj\stm32f4xx_gpio.o
 .comment       0x00000000       0x71 ..\obj\list.o
 .comment       0x00000000       0x71 ..\obj\system_stm32f4xx.o
 .comment       0x00000000       0x71 ..\obj\port.o
 .comment       0x00000000       0x71 ..\obj\queue.o
 .comment       0x00000000       0x71 ..\obj\heap_2.o

.ARM.attributes
                0x00000000       0x37
 .ARM.attributes
                0x00000000       0x39 ..\obj\stm32f4_discovery_lcd.o
 .ARM.attributes
                0x00000039       0x39 ..\obj\print.o
 .ARM.attributes
                0x00000072       0x39 ..\obj\startup_stm32f4xx.o
 .ARM.attributes
                0x000000ab       0x39 ..\obj\stm32f4_discovery.o
 .ARM.attributes
                0x000000e4       0x39 ..\obj\main.o
 .ARM.attributes
                0x0000011d       0x39 ..\obj\stm32f4xx_rcc.o
 .ARM.attributes
                0x00000156       0x39 ..\obj\timers.o
 .ARM.attributes
                0x0000018f       0x39 ..\obj\tasks.o
 .ARM.attributes
                0x000001c8       0x39 ..\obj\fonts.o
 .ARM.attributes
                0x00000201       0x39 ..\obj\stm32f4xx_fsmc.o
 .ARM.attributes
                0x0000023a       0x39 ..\obj\stm32f4xx_gpio.o
 .ARM.attributes
                0x00000273       0x39 ..\obj\list.o
 .ARM.attributes
                0x000002ac       0x39 ..\obj\system_stm32f4xx.o
 .ARM.attributes
                0x000002e5       0x39 ..\obj\port.o
 .ARM.attributes
                0x0000031e       0x39 ..\obj\queue.o
 .ARM.attributes
                0x00000357       0x39 ..\obj\heap_2.o
 .ARM.attributes
                0x00000390       0x34 c:/program files (x86)/gnu tools arm embedded/4.8 2013q4/bin/../lib/gcc/arm-none-eabi/4.8.3/../../../../arm-none-eabi/lib/armv7e-m/fpu\libg.a(lib_a-memcmp.o)
 .ARM.attributes
                0x000003c4       0x20 c:/program files (x86)/gnu tools arm embedded/4.8 2013q4/bin/../lib/gcc/arm-none-eabi/4.8.3/../../../../arm-none-eabi/lib/armv7e-m/fpu\libg.a(lib_a-memcpy.o)
 .ARM.attributes
                0x000003e4       0x34 c:/program files (x86)/gnu tools arm embedded/4.8 2013q4/bin/../lib/gcc/arm-none-eabi/4.8.3/../../../../arm-none-eabi/lib/armv7e-m/fpu\libg.a(lib_a-memset.o)

.debug_frame    0x00000000     0x1f54
 .debug_frame   0x00000000      0x4fc ..\obj\stm32f4_discovery_lcd.o
 .debug_frame   0x000004fc       0x70 ..\obj\print.o
 .debug_frame   0x0000056c       0x48 ..\obj\startup_stm32f4xx.o
 .debug_frame   0x000005b4      0x164 ..\obj\stm32f4_discovery.o
 .debug_frame   0x00000718      0x140 ..\obj\main.o
 .debug_frame   0x00000858      0x4d8 ..\obj\stm32f4xx_rcc.o
 .debug_frame   0x00000d30      0x1e0 ..\obj\timers.o
 .debug_frame   0x00000f10      0x590 ..\obj\tasks.o
 .debug_frame   0x000014a0      0x220 ..\obj\stm32f4xx_fsmc.o
 .debug_frame   0x000016c0      0x19c ..\obj\stm32f4xx_gpio.o
 .debug_frame   0x0000185c       0x9c ..\obj\list.o
 .debug_frame   0x000018f8       0x64 ..\obj\system_stm32f4xx.o
 .debug_frame   0x0000195c      0x188 ..\obj\port.o
 .debug_frame   0x00001ae4      0x37c ..\obj\queue.o
 .debug_frame   0x00001e60       0x9c ..\obj\heap_2.o
 .debug_frame   0x00001efc       0x2c c:/program files (x86)/gnu tools arm embedded/4.8 2013q4/bin/../lib/gcc/arm-none-eabi/4.8.3/../../../../arm-none-eabi/lib/armv7e-m/fpu\libg.a(lib_a-memcmp.o)
 .debug_frame   0x00001f28       0x2c c:/program files (x86)/gnu tools arm embedded/4.8 2013q4/bin/../lib/gcc/arm-none-eabi/4.8.3/../../../../arm-none-eabi/lib/armv7e-m/fpu\libg.a(lib_a-memset.o)
